// Jest Snapshot v1, https://goo.gl/fbAQLP

exports[`renders correctly 1`] = `
<div>
  <nav
    className="navbar navbar-expand-lg navbar-dark bg-dark"
  >
    <a
      className="navbar-brand"
      href="/"
    >
      Ohpen
    </a>
    <div
      className="ml-auto navbar-nav"
      onKeyDown={[Function]}
    >
      <a
        className="nav-link"
        data-rb-event-key="#"
        href="#"
        onClick={[Function]}
        onKeyDown={[Function]}
        role="button"
      >
        Sign out
      </a>
    </div>
  </nav>
  <div
    className="container mt-5"
  >
    <form
      className=""
    >
      <h1
        className="mb-4"
      >
        Profile
      </h1>
      <div
        className="form-group"
      >
        <b>
          <label
            className="form-label"
            htmlFor="formGroupUsername"
          >
            Username
          </label>
        </b>
        <input
          className="form-control-plaintext"
          id="formGroupUsername"
          readOnly={true}
          type="text"
        />
      </div>
      <div
        className="form-group"
      >
        <b>
          <label
            className="form-label"
            htmlFor="formGroupMobileNumber"
          >
            Email
          </label>
        </b>
        <input
          className="form-control-plaintext"
          id="formGroupMobileNumber"
          readOnly={true}
          type="email"
          value="john.doe@gmail.com"
        />
      </div>
    </form>
    <div />
  </div>
</div>
`;
