// Jest Snapshot v1, https://goo.gl/fbAQLP

exports[`renders correctly for authenticated users 1`] = `null`;

exports[`renders correctly for unauthenticated users 1`] = `
<div
  className="formContainer"
>
  <form
    className="form-signin"
    onSubmit={[Function]}
  >
    <h1>
      Sign in
    </h1>
    <div
      className="form-group"
    >
      <label
        className="form-label"
        htmlFor="formGroupUsername"
      >
        Username
      </label>
      <input
        className="form-control"
        id="formGroupUsername"
        onChange={[Function]}
        onFocus={[Function]}
        type="text"
        value=""
      />
    </div>
    <div
      className="form-group"
    >
      <label
        className="form-label"
        htmlFor="formGroupPassword"
      >
        Password
      </label>
      <input
        className="form-control"
        id="formGroupPassword"
        onChange={[Function]}
        onFocus={[Function]}
        type="password"
        value=""
      />
    </div>
    <button
      className="btn btn-dark btn-block"
      disabled={false}
      type="submit"
    >
      Sign in
    </button>
    <div
      className="mt-3"
    >
      <span>
        I'm a new user, 
      </span>
      <a
        href="/sign-up"
        onClick={[Function]}
      >
        Sign up
      </a>
    </div>
    
  </form>
</div>
`;
